Error in 10_0.1_complete_0.75_0.1_2_50_501
Error in 10_0.1_complete_0.75_0.1_3_50_501
Error in 10_0.1_complete_0.75_0.1_3_100_501
Error in 10_0.1_complete_0.75_0.1_3_200_501
Error in 10_0.1_complete_0.75_0.1_3_500_501
Error in 10_0.1_complete_0.75_0.1_4_50_501
Error in 10_0.1_complete_0.75_0.1_4_100_501
Error in 10_0.1_complete_0.75_0.1_4_500_501
Error in 10_0.1_complete_0.75_0.1_4_1000_501
Error in 10_0.1_complete_0.75_0.1_5_50_501
Error in 10_0.1_complete_0.75_0.1_5_100_501
Error in 10_0.1_complete_0.75_0.1_5_200_501
Error in 10_0.1_complete_0.75_0.1_5_500_501
Error in 10_0.1_complete_0.75_0.1_5_1000_501
Error in 10_0.1_complete_0.75_0.1_6_50_501
Error in 10_0.1_complete_0.75_0.1_6_100_501
Error in 10_0.1_complete_0.75_0.1_6_200_501
Error in 10_0.1_complete_0.75_0.1_6_500_501
Error in 10_0.1_complete_0.75_0.1_6_1000_501
Error in 10_0.1_complete_0.75_0.1_7_50_501
Error in 10_0.1_complete_0.75_0.1_7_100_501
Error in 10_0.1_complete_0.75_0.1_7_200_501
Error in 10_0.1_complete_0.75_0.1_7_500_501
Error in 10_0.1_complete_0.75_0.1_7_1000_501
Error in 10_0.1_complete_0.75_0.1_8_50_501
Error in 10_0.1_complete_0.75_0.1_8_100_501
Error in 10_0.1_complete_0.75_0.1_8_200_501
Error in 10_0.1_complete_0.75_0.1_8_500_501
Error in 10_0.1_complete_0.75_0.1_8_1000_501
Error in 10_0.1_complete_0.75_0.1_9_50_501
Error in 10_0.1_complete_0.75_0.1_9_100_501
Error in 10_0.1_complete_0.75_0.1_9_200_501
Error in 10_0.1_complete_0.75_0.1_9_500_501
Error in 10_0.1_complete_0.75_0.1_9_1000_501
Error in 10_0.1_complete_0.75_0.1_10_50_501
Error in 10_0.1_complete_0.75_0.1_10_100_501
Error in 10_0.1_complete_0.75_0.1_10_200_501
Error in 10_0.1_complete_0.75_0.1_10_500_501
Error in 10_0.1_complete_0.75_0.1_10_1000_501
Error in 10_0.1_complete_0.75_0.25_2_50_501
Error in 10_0.1_complete_0.75_0.25_2_100_501
Error in 10_0.1_complete_0.75_0.25_3_50_501
Error in 10_0.1_complete_0.75_0.25_3_100_501
Error in 10_0.1_complete_0.75_0.25_3_200_501
Error in 10_0.1_complete_0.75_0.25_3_500_501
Error in 10_0.1_complete_0.75_0.25_4_50_501
Error in 10_0.1_complete_0.75_0.25_4_100_501
Error in 10_0.1_complete_0.75_0.25_4_200_501
Error in 10_0.1_complete_0.75_0.25_4_500_501
Error in 10_0.1_complete_0.75_0.25_5_50_501
Error in 10_0.1_complete_0.75_0.25_5_100_501
Error in 10_0.1_complete_0.75_0.25_5_200_501
Error in 10_0.1_complete_0.75_0.25_5_500_501
Error in 10_0.1_complete_0.75_0.25_5_1000_501
Error in 10_0.1_complete_0.75_0.25_6_50_501
Error in 10_0.1_complete_0.75_0.25_6_100_501
Error in 10_0.1_complete_0.75_0.25_6_200_501
Error in 10_0.1_complete_0.75_0.25_6_500_501
Error in 10_0.1_complete_0.75_0.25_6_1000_501
Error in 10_0.1_complete_0.75_0.25_7_50_501
Error in 10_0.1_complete_0.75_0.25_7_100_501
Error in 10_0.1_complete_0.75_0.25_7_200_501
Error in 10_0.1_complete_0.75_0.25_7_500_501
Error in 10_0.1_complete_0.75_0.25_7_1000_501
Error in 10_0.1_complete_0.75_0.25_8_50_501
Error in 10_0.1_complete_0.75_0.25_8_100_501
Error in 10_0.1_complete_0.75_0.25_8_200_501
Error in 10_0.1_complete_0.75_0.25_8_500_501
Error in 10_0.1_complete_0.75_0.25_8_1000_501
Error in 10_0.1_complete_0.75_0.25_9_50_501
Error in 10_0.1_complete_0.75_0.25_9_100_501
Error in 10_0.1_complete_0.75_0.25_9_200_501
Error in 10_0.1_complete_0.75_0.25_9_500_501
Error in 10_0.1_complete_0.75_0.25_9_1000_501
Error in 10_0.1_complete_0.75_0.25_10_50_501
Error in 10_0.1_complete_0.75_0.25_10_100_501
Error in 10_0.1_complete_0.75_0.25_10_200_501
Error in 10_0.1_complete_0.75_0.25_10_500_501
Error in 10_0.1_complete_0.75_0.25_10_1000_501
Error in 10_0.1_complete_0.75_0.5_2_1000_501
Error in 10_0.1_complete_0.75_0.5_3_50_501
Error in 10_0.1_complete_0.75_0.5_3_100_501
Error in 10_0.1_complete_0.75_0.5_3_500_501
Error in 10_0.1_complete_0.75_0.5_3_1000_501
Error in 10_0.1_complete_0.75_0.5_4_50_501
Error in 10_0.1_complete_0.75_0.5_4_100_501
Error in 10_0.1_complete_0.75_0.5_4_200_501
Error in 10_0.1_complete_0.75_0.5_4_500_501
Error in 10_0.1_complete_0.75_0.5_4_1000_501
Error in 10_0.1_complete_0.75_0.5_5_50_501
Error in 10_0.1_complete_0.75_0.5_5_100_501
Error in 10_0.1_complete_0.75_0.5_5_200_501
Error in 10_0.1_complete_0.75_0.5_5_500_501
Error in 10_0.1_complete_0.75_0.5_5_1000_501
Error in 10_0.1_complete_0.75_0.5_6_50_501
Error in 10_0.1_complete_0.75_0.5_6_100_501
Error in 10_0.1_complete_0.75_0.5_6_200_501
Error in 10_0.1_complete_0.75_0.5_6_500_501
Error in 10_0.1_complete_0.75_0.5_6_1000_501
Error in 10_0.1_complete_0.75_0.5_7_50_501
Error in 10_0.1_complete_0.75_0.5_7_100_501
Error in 10_0.1_complete_0.75_0.5_7_200_501
Error in 10_0.1_complete_0.75_0.5_7_500_501
Error in 10_0.1_complete_0.75_0.5_7_1000_501
Error in 10_0.1_complete_0.75_0.5_8_50_501
Error in 10_0.1_complete_0.75_0.5_8_100_501
Error in 10_0.1_complete_0.75_0.5_8_200_501
Error in 10_0.1_complete_0.75_0.5_8_500_501
Error in 10_0.1_complete_0.75_0.5_8_1000_501
Error in 10_0.1_complete_0.75_0.5_9_50_501
Error in 10_0.1_complete_0.75_0.5_9_100_501
Error in 10_0.1_complete_0.75_0.5_9_200_501
Error in 10_0.1_complete_0.75_0.5_9_500_501
Error in 10_0.1_complete_0.75_0.5_9_1000_501
Error in 10_0.1_complete_0.75_0.5_10_50_501
Error in 10_0.1_complete_0.75_0.5_10_100_501
Error in 10_0.1_complete_0.75_0.5_10_200_501
Error in 10_0.1_complete_0.75_0.5_10_500_501
Error in 10_0.1_complete_0.75_0.5_10_1000_501
Error in 10_0.1_complete_0.75_0.75_2_50_501
Error in 10_0.1_complete_0.75_0.75_2_200_501
Error in 10_0.1_complete_0.75_0.75_3_50_501
Error in 10_0.1_complete_0.75_0.75_3_1000_501
Error in 10_0.1_complete_0.75_0.75_4_50_501
Error in 10_0.1_complete_0.75_0.75_4_100_501
Error in 10_0.1_complete_0.75_0.75_5_50_501
Error in 10_0.1_complete_0.75_0.75_5_100_501
Error in 10_0.1_complete_0.75_0.75_5_200_501
Error in 10_0.1_complete_0.75_0.75_5_500_501
Error in 10_0.1_complete_0.75_0.75_5_1000_501
Error in 10_0.1_complete_0.75_0.75_6_50_501
Error in 10_0.1_complete_0.75_0.75_6_100_501
Error in 10_0.1_complete_0.75_0.75_6_200_501
Error in 10_0.1_complete_0.75_0.75_6_500_501
Error in 10_0.1_complete_0.75_0.75_6_1000_501
Error in 10_0.1_complete_0.75_0.75_7_50_501
Error in 10_0.1_complete_0.75_0.75_7_100_501
Error in 10_0.1_complete_0.75_0.75_7_200_501
Error in 10_0.1_complete_0.75_0.75_7_500_501
Error in 10_0.1_complete_0.75_0.75_7_1000_501
Error in 10_0.1_complete_0.75_0.75_8_50_501
Error in 10_0.1_complete_0.75_0.75_8_100_501
Error in 10_0.1_complete_0.75_0.75_8_200_501
Error in 10_0.1_complete_0.75_0.75_8_500_501
Error in 10_0.1_complete_0.75_0.75_8_1000_501
Error in 10_0.1_complete_0.75_0.75_9_50_501
Error in 10_0.1_complete_0.75_0.75_9_100_501
Error in 10_0.1_complete_0.75_0.75_9_200_501
Error in 10_0.1_complete_0.75_0.75_9_500_501
Error in 10_0.1_complete_0.75_0.75_9_1000_501
Error in 10_0.1_complete_0.75_0.75_10_50_501
Error in 10_0.1_complete_0.75_0.75_10_100_501
Error in 10_0.1_complete_0.75_0.75_10_200_501
Error in 10_0.1_complete_0.75_0.75_10_500_501
Error in 10_0.1_complete_0.75_0.75_10_1000_501
Error in 10_0.1_complete_0.75_0.9_2_100_501
Error in 10_0.1_complete_0.75_0.9_3_50_501
Error in 10_0.1_complete_0.75_0.9_3_100_501
Error in 10_0.1_complete_0.75_0.9_3_200_501
Error in 10_0.1_complete_0.75_0.9_3_500_501
Error in 10_0.1_complete_0.75_0.9_3_1000_501
Error in 10_0.1_complete_0.75_0.9_4_50_501
Error in 10_0.1_complete_0.75_0.9_4_200_501
Error in 10_0.1_complete_0.75_0.9_4_500_501
Error in 10_0.1_complete_0.75_0.9_4_1000_501
Error in 10_0.1_complete_0.75_0.9_5_50_501
Error in 10_0.1_complete_0.75_0.9_5_100_501
Error in 10_0.1_complete_0.75_0.9_5_200_501
Error in 10_0.1_complete_0.75_0.9_5_500_501
Error in 10_0.1_complete_0.75_0.9_5_1000_501
Error in 10_0.1_complete_0.75_0.9_6_50_501
Error in 10_0.1_complete_0.75_0.9_6_100_501
Error in 10_0.1_complete_0.75_0.9_6_200_501
Error in 10_0.1_complete_0.75_0.9_6_500_501
Error in 10_0.1_complete_0.75_0.9_6_1000_501
Error in 10_0.1_complete_0.75_0.9_7_50_501
Error in 10_0.1_complete_0.75_0.9_7_100_501
Error in 10_0.1_complete_0.75_0.9_7_200_501
Error in 10_0.1_complete_0.75_0.9_7_500_501
Error in 10_0.1_complete_0.75_0.9_7_1000_501
Error in 10_0.1_complete_0.75_0.9_8_50_501
Error in 10_0.1_complete_0.75_0.9_8_100_501
Error in 10_0.1_complete_0.75_0.9_8_200_501
Error in 10_0.1_complete_0.75_0.9_8_500_501
Error in 10_0.1_complete_0.75_0.9_8_1000_501
Error in 10_0.1_complete_0.75_0.9_9_50_501
Error in 10_0.1_complete_0.75_0.9_9_100_501
Error in 10_0.1_complete_0.75_0.9_9_200_501
Error in 10_0.1_complete_0.75_0.9_9_500_501
Error in 10_0.1_complete_0.75_0.9_9_1000_501
Error in 10_0.1_complete_0.75_0.9_10_50_501
Error in 10_0.1_complete_0.75_0.9_10_100_501
Error in 10_0.1_complete_0.75_0.9_10_200_501
Error in 10_0.1_complete_0.75_0.9_10_500_501
Error in 10_0.1_complete_0.75_0.9_10_1000_501
Error in 10_0.1_complete_0.75_0.99_2_50_501
Error in 10_0.1_complete_0.75_0.99_3_200_501
Error in 10_0.1_complete_0.75_0.99_3_500_501
Error in 10_0.1_complete_0.75_0.99_4_50_501
Error in 10_0.1_complete_0.75_0.99_4_100_501
Error in 10_0.1_complete_0.75_0.99_4_200_501
Error in 10_0.1_complete_0.75_0.99_4_500_501
Error in 10_0.1_complete_0.75_0.99_4_1000_501
Error in 10_0.1_complete_0.75_0.99_5_50_501
Error in 10_0.1_complete_0.75_0.99_5_500_501
Error in 10_0.1_complete_0.75_0.99_5_1000_501
Error in 10_0.1_complete_0.75_0.99_6_50_501
Error in 10_0.1_complete_0.75_0.99_6_100_501
Error in 10_0.1_complete_0.75_0.99_6_200_501
Error in 10_0.1_complete_0.75_0.99_6_500_501
Error in 10_0.1_complete_0.75_0.99_6_1000_501
Error in 10_0.1_complete_0.75_0.99_7_50_501
Error in 10_0.1_complete_0.75_0.99_7_100_501
Error in 10_0.1_complete_0.75_0.99_7_200_501
Error in 10_0.1_complete_0.75_0.99_7_500_501
Error in 10_0.1_complete_0.75_0.99_7_1000_501
Error in 10_0.1_complete_0.75_0.99_8_50_501
Error in 10_0.1_complete_0.75_0.99_8_100_501
Error in 10_0.1_complete_0.75_0.99_8_200_501
Error in 10_0.1_complete_0.75_0.99_8_500_501
Error in 10_0.1_complete_0.75_0.99_8_1000_501
Error in 10_0.1_complete_0.75_0.99_9_50_501
Error in 10_0.1_complete_0.75_0.99_9_100_501
Error in 10_0.1_complete_0.75_0.99_9_200_501
Error in 10_0.1_complete_0.75_0.99_9_500_501
Error in 10_0.1_complete_0.75_0.99_9_1000_501
Error in 10_0.1_complete_0.75_0.99_10_50_501
Error in 10_0.1_complete_0.75_0.99_10_100_501
Error in 10_0.1_complete_0.75_0.99_10_200_501
Error in 10_0.1_complete_0.75_0.99_10_500_501
Error in 10_0.1_complete_0.75_0.99_10_1000_501
Error in 10_0.1_complete_1.0_0.1_3_500_501
Error in 10_0.1_complete_1.0_0.1_4_50_501
Error in 10_0.1_complete_1.0_0.1_5_200_501
Error in 10_0.1_complete_1.0_0.1_5_1000_501
Error in 10_0.1_complete_1.0_0.1_6_100_501
Error in 10_0.1_complete_1.0_0.1_6_200_501
Error in 10_0.1_complete_1.0_0.1_6_500_501
Error in 10_0.1_complete_1.0_0.1_7_50_501
Error in 10_0.1_complete_1.0_0.1_7_100_501
Error in 10_0.1_complete_1.0_0.1_7_1000_501
Error in 10_0.1_complete_1.0_0.1_8_100_501
Error in 10_0.1_complete_1.0_0.1_8_200_501
Error in 10_0.1_complete_1.0_0.1_8_500_501
Error in 10_0.1_complete_1.0_0.1_8_1000_501
Error in 10_0.1_complete_1.0_0.1_9_50_501
Error in 10_0.1_complete_1.0_0.1_9_100_501
Error in 10_0.1_complete_1.0_0.1_9_200_501
Error in 10_0.1_complete_1.0_0.1_9_500_501
Error in 10_0.1_complete_1.0_0.1_9_1000_501
Error in 10_0.1_complete_1.0_0.1_10_50_501
Error in 10_0.1_complete_1.0_0.1_10_100_501
Error in 10_0.1_complete_1.0_0.1_10_200_501
Error in 10_0.1_complete_1.0_0.1_10_500_501
Error in 10_0.1_complete_1.0_0.1_10_1000_501
Error in 10_0.1_complete_1.0_0.25_3_100_501
Error in 10_0.1_complete_1.0_0.25_3_1000_501
Error in 10_0.1_complete_1.0_0.25_4_100_501
Error in 10_0.1_complete_1.0_0.25_4_500_501
Error in 10_0.1_complete_1.0_0.25_5_200_501
Error in 10_0.1_complete_1.0_0.25_6_200_501
Error in 10_0.1_complete_1.0_0.25_6_500_501
Error in 10_0.1_complete_1.0_0.25_7_50_501
Error in 10_0.1_complete_1.0_0.25_7_100_501
Error in 10_0.1_complete_1.0_0.25_7_200_501
Error in 10_0.1_complete_1.0_0.25_7_500_501
Error in 10_0.1_complete_1.0_0.25_7_1000_501
Error in 10_0.1_complete_1.0_0.25_8_50_501
Error in 10_0.1_complete_1.0_0.25_8_100_501
Error in 10_0.1_complete_1.0_0.25_8_200_501
Error in 10_0.1_complete_1.0_0.25_8_500_501
Error in 10_0.1_complete_1.0_0.25_8_1000_501
Error in 10_0.1_complete_1.0_0.25_9_200_501
Error in 10_0.1_complete_1.0_0.25_9_500_501
Error in 10_0.1_complete_1.0_0.25_9_1000_501
Error in 10_0.1_complete_1.0_0.25_10_50_501
Error in 10_0.1_complete_1.0_0.25_10_100_501
Error in 10_0.1_complete_1.0_0.25_10_200_501
Error in 10_0.1_complete_1.0_0.25_10_1000_501
Error in 10_0.1_complete_1.0_0.5_2_500_501
Error in 10_0.1_complete_1.0_0.5_3_50_501
Error in 10_0.1_complete_1.0_0.5_3_100_501
Error in 10_0.1_complete_1.0_0.5_4_50_501
Error in 10_0.1_complete_1.0_0.5_5_50_501
Error in 10_0.1_complete_1.0_0.5_5_100_501
Error in 10_0.1_complete_1.0_0.5_5_500_501
Error in 10_0.1_complete_1.0_0.5_6_50_501
Error in 10_0.1_complete_1.0_0.5_6_100_501
Error in 10_0.1_complete_1.0_0.5_6_500_501
Error in 10_0.1_complete_1.0_0.5_6_1000_501
Error in 10_0.1_complete_1.0_0.5_7_100_501
Error in 10_0.1_complete_1.0_0.5_7_200_501
Error in 10_0.1_complete_1.0_0.5_7_500_501
Error in 10_0.1_complete_1.0_0.5_7_1000_501
Error in 10_0.1_complete_1.0_0.5_8_50_501
Error in 10_0.1_complete_1.0_0.5_8_100_501
Error in 10_0.1_complete_1.0_0.5_8_200_501
Error in 10_0.1_complete_1.0_0.5_8_500_501
Error in 10_0.1_complete_1.0_0.5_8_1000_501
Error in 10_0.1_complete_1.0_0.5_9_50_501
Error in 10_0.1_complete_1.0_0.5_9_100_501
Error in 10_0.1_complete_1.0_0.5_9_200_501
Error in 10_0.1_complete_1.0_0.5_9_500_501
Error in 10_0.1_complete_1.0_0.5_9_1000_501
Error in 10_0.1_complete_1.0_0.5_10_50_501
Error in 10_0.1_complete_1.0_0.5_10_100_501
Error in 10_0.1_complete_1.0_0.5_10_200_501
Error in 10_0.1_complete_1.0_0.5_10_500_501
Error in 10_0.1_complete_1.0_0.5_10_1000_501
Error in 10_0.1_complete_1.0_0.75_4_500_501
Error in 10_0.1_complete_1.0_0.75_5_1000_501
Error in 10_0.1_complete_1.0_0.75_6_50_501
Error in 10_0.1_complete_1.0_0.75_7_50_501
Error in 10_0.1_complete_1.0_0.75_7_200_501
Error in 10_0.1_complete_1.0_0.75_7_500_501
Error in 10_0.1_complete_1.0_0.75_7_1000_501
Error in 10_0.1_complete_1.0_0.75_8_100_501
Error in 10_0.1_complete_1.0_0.75_8_500_501
Error in 10_0.1_complete_1.0_0.75_8_1000_501
Error in 10_0.1_complete_1.0_0.75_9_50_501
Error in 10_0.1_complete_1.0_0.75_9_100_501
Error in 10_0.1_complete_1.0_0.75_9_500_501
Error in 10_0.1_complete_1.0_0.75_9_1000_501
Error in 10_0.1_complete_1.0_0.75_10_50_501
Error in 10_0.1_complete_1.0_0.75_10_100_501
Error in 10_0.1_complete_1.0_0.75_10_200_501
Error in 10_0.1_complete_1.0_0.75_10_500_501
Error in 10_0.1_complete_1.0_0.75_10_1000_501
Error in 10_0.1_complete_1.0_0.9_6_500_501
Error in 10_0.1_complete_1.0_0.9_6_1000_501
Error in 10_0.1_complete_1.0_0.9_7_50_501
Error in 10_0.1_complete_1.0_0.9_7_100_501
Error in 10_0.1_complete_1.0_0.9_7_200_501
Error in 10_0.1_complete_1.0_0.9_7_500_501
Error in 10_0.1_complete_1.0_0.9_7_1000_501
Error in 10_0.1_complete_1.0_0.9_8_100_501
Error in 10_0.1_complete_1.0_0.9_8_200_501
Error in 10_0.1_complete_1.0_0.9_8_500_501
Error in 10_0.1_complete_1.0_0.9_9_50_501
Error in 10_0.1_complete_1.0_0.9_9_200_501
Error in 10_0.1_complete_1.0_0.9_9_500_501
Error in 10_0.1_complete_1.0_0.9_9_1000_501
Error in 10_0.1_complete_1.0_0.9_10_50_501
Error in 10_0.1_complete_1.0_0.9_10_100_501
Error in 10_0.1_complete_1.0_0.9_10_200_501
Error in 10_0.1_complete_1.0_0.9_10_500_501
Error in 10_0.1_complete_1.0_0.9_10_1000_501
Error in 10_0.1_complete_1.0_0.99_3_1000_501
Error in 10_0.1_complete_1.0_0.99_4_200_501
Error in 10_0.1_complete_1.0_0.99_5_500_501
Error in 10_0.1_complete_1.0_0.99_5_1000_501
Error in 10_0.1_complete_1.0_0.99_6_50_501
Error in 10_0.1_complete_1.0_0.99_6_500_501
Error in 10_0.1_complete_1.0_0.99_6_1000_501
Error in 10_0.1_complete_1.0_0.99_7_500_501
Error in 10_0.1_complete_1.0_0.99_8_100_501
Error in 10_0.1_complete_1.0_0.99_8_200_501
Error in 10_0.1_complete_1.0_0.99_8_500_501
Error in 10_0.1_complete_1.0_0.99_9_100_501
Error in 10_0.1_complete_1.0_0.99_9_500_501
Error in 10_0.1_complete_1.0_0.99_10_50_501
Error in 10_0.1_complete_1.0_0.99_10_100_501
Error in 10_0.1_complete_1.0_0.99_10_200_501
Error in 10_0.1_complete_1.0_0.99_10_500_501
Error in 10_0.1_complete_1.0_0.99_10_1000_501
Error in 10_0.1_erdos_renyi_0.75_0.1_2_50_101
Error in 10_0.1_erdos_renyi_0.75_0.1_2_50_501
Error in 10_0.1_erdos_renyi_0.75_0.1_2_200_501
Error in 10_0.1_erdos_renyi_0.75_0.1_2_1000_501
Error in 10_0.1_erdos_renyi_0.75_0.1_3_50_501
Error in 10_0.1_erdos_renyi_0.75_0.1_3_200_4
Error in 10_0.1_erdos_renyi_0.75_0.1_4_50_51
Error in 10_0.1_erdos_renyi_0.75_0.1_4_50_501
Error in 10_0.1_erdos_renyi_0.75_0.1_4_100_11
Error in 10_0.1_erdos_renyi_0.75_0.1_4_100_501
Error in 10_0.1_erdos_renyi_0.75_0.1_4_200_501
Error in 10_0.1_erdos_renyi_0.75_0.1_4_500_501
Error in 10_0.1_erdos_renyi_0.75_0.1_4_1000_501
Error in 10_0.1_erdos_renyi_0.75_0.1_5_50_11
Error in 10_0.1_erdos_renyi_0.75_0.1_5_50_501
Error in 10_0.1_erdos_renyi_0.75_0.1_5_100_501
Error in 10_0.1_erdos_renyi_0.75_0.1_5_200_101
Error in 10_0.1_erdos_renyi_0.75_0.1_5_200_501
Error in 10_0.1_erdos_renyi_0.75_0.1_5_500_501
Error in 10_0.1_erdos_renyi_0.75_0.1_5_1000_501
Error in 10_0.1_erdos_renyi_0.75_0.1_6_50_501
Error in 10_0.1_erdos_renyi_0.75_0.1_6_100_501
Error in 10_0.1_erdos_renyi_0.75_0.1_6_200_4
Error in 10_0.1_erdos_renyi_0.75_0.1_6_200_501
Error in 10_0.1_erdos_renyi_0.75_0.1_6_500_501
Error in 10_0.1_erdos_renyi_0.75_0.1_6_1000_501
Error in 10_0.1_erdos_renyi_0.75_0.1_7_50_501
Error in 10_0.1_erdos_renyi_0.75_0.1_7_100_501
Error in 10_0.1_erdos_renyi_0.75_0.1_7_200_501
Error in 10_0.1_erdos_renyi_0.75_0.1_7_500_501
Error in 10_0.1_erdos_renyi_0.75_0.1_7_1000_501
Error in 10_0.1_erdos_renyi_0.75_0.1_8_50_501
Error in 10_0.1_erdos_renyi_0.75_0.1_8_100_501
Error in 10_0.1_erdos_renyi_0.75_0.1_8_200_501
Error in 10_0.1_erdos_renyi_0.75_0.1_8_500_101
Error in 10_0.1_erdos_renyi_0.75_0.1_8_500_501
Error in 10_0.1_erdos_renyi_0.75_0.1_8_1000_501
Error in 10_0.1_erdos_renyi_0.75_0.1_9_50_501
Error in 10_0.1_erdos_renyi_0.75_0.1_9_100_11
Error in 10_0.1_erdos_renyi_0.75_0.1_9_100_501
Error in 10_0.1_erdos_renyi_0.75_0.1_9_200_501
Error in 10_0.1_erdos_renyi_0.75_0.1_9_500_501
Error in 10_0.1_erdos_renyi_0.75_0.1_9_1000_501
Error in 10_0.1_erdos_renyi_0.75_0.1_10_50_11
Error in 10_0.1_erdos_renyi_0.75_0.1_10_50_501
Error in 10_0.1_erdos_renyi_0.75_0.1_10_100_501
Error in 10_0.1_erdos_renyi_0.75_0.1_10_200_501
Error in 10_0.1_erdos_renyi_0.75_0.1_10_500_501
Error in 10_0.1_erdos_renyi_0.75_0.1_10_1000_501
Error in 10_0.1_erdos_renyi_0.75_0.25_2_100_11
Error in 10_0.1_erdos_renyi_0.75_0.25_2_100_501
Error in 10_0.1_erdos_renyi_0.75_0.25_2_200_501
Error in 10_0.1_erdos_renyi_0.75_0.25_2_500_101
Error in 10_0.1_erdos_renyi_0.75_0.25_2_1000_11
Error in 10_0.1_erdos_renyi_0.75_0.25_3_50_501
Error in 10_0.1_erdos_renyi_0.75_0.25_3_100_51
Error in 10_0.1_erdos_renyi_0.75_0.25_3_100_501
Error in 10_0.1_erdos_renyi_0.75_0.25_3_1000_501
Error in 10_0.1_erdos_renyi_0.75_0.25_4_50_501
Error in 10_0.1_erdos_renyi_0.75_0.25_4_100_51
Error in 10_0.1_erdos_renyi_0.75_0.25_4_100_501
Error in 10_0.1_erdos_renyi_0.75_0.25_4_200_501
Error in 10_0.1_erdos_renyi_0.75_0.25_4_500_501
Error in 10_0.1_erdos_renyi_0.75_0.25_4_1000_501
Error in 10_0.1_erdos_renyi_0.75_0.25_5_50_501
Error in 10_0.1_erdos_renyi_0.75_0.25_5_100_501
Error in 10_0.1_erdos_renyi_0.75_0.25_5_200_501
Error in 10_0.1_erdos_renyi_0.75_0.25_5_500_501
Error in 10_0.1_erdos_renyi_0.75_0.25_5_1000_11
Error in 10_0.1_erdos_renyi_0.75_0.25_5_1000_501
Error in 10_0.1_erdos_renyi_0.75_0.25_6_50_4
Error in 10_0.1_erdos_renyi_0.75_0.25_6_50_11
Error in 10_0.1_erdos_renyi_0.75_0.25_6_50_501
Error in 10_0.1_erdos_renyi_0.75_0.25_6_100_4
Error in 10_0.1_erdos_renyi_0.75_0.25_6_100_501
Error in 10_0.1_erdos_renyi_0.75_0.25_6_200_501
Error in 10_0.1_erdos_renyi_0.75_0.25_6_500_501
Error in 10_0.1_erdos_renyi_0.75_0.25_6_1000_4
Error in 10_0.1_erdos_renyi_0.75_0.25_6_1000_101
Error in 10_0.1_erdos_renyi_0.75_0.25_6_1000_501
Error in 10_0.1_erdos_renyi_0.75_0.25_7_50_101
Error in 10_0.1_erdos_renyi_0.75_0.25_7_50_501
Error in 10_0.1_erdos_renyi_0.75_0.25_7_100_501
Error in 10_0.1_erdos_renyi_0.75_0.25_7_200_101
Error in 10_0.1_erdos_renyi_0.75_0.25_7_200_501
Error in 10_0.1_erdos_renyi_0.75_0.25_7_500_501
Error in 10_0.1_erdos_renyi_0.75_0.25_7_1000_501
Error in 10_0.1_erdos_renyi_0.75_0.25_8_50_501
Error in 10_0.1_erdos_renyi_0.75_0.25_8_100_501
Error in 10_0.1_erdos_renyi_0.75_0.25_8_200_501
Error in 10_0.1_erdos_renyi_0.75_0.25_8_500_501
Error in 10_0.1_erdos_renyi_0.75_0.25_8_1000_4
Error in 10_0.1_erdos_renyi_0.75_0.25_8_1000_501
Error in 10_0.1_erdos_renyi_0.75_0.25_9_50_501
Error in 10_0.1_erdos_renyi_0.75_0.25_9_100_501
Error in 10_0.1_erdos_renyi_0.75_0.25_9_200_501
Error in 10_0.1_erdos_renyi_0.75_0.25_9_500_501
Error in 10_0.1_erdos_renyi_0.75_0.25_9_1000_501
Error in 10_0.1_erdos_renyi_0.75_0.25_10_50_501
Error in 10_0.1_erdos_renyi_0.75_0.25_10_100_501
Error in 10_0.1_erdos_renyi_0.75_0.25_10_200_501
Error in 10_0.1_erdos_renyi_0.75_0.25_10_500_501
Error in 10_0.1_erdos_renyi_0.75_0.25_10_1000_501
Error in 10_0.1_erdos_renyi_0.75_0.5_2_50_501
Error in 10_0.1_erdos_renyi_0.75_0.5_2_100_501
Error in 10_0.1_erdos_renyi_0.75_0.5_2_200_11
Error in 10_0.1_erdos_renyi_0.75_0.5_2_200_501
Error in 10_0.1_erdos_renyi_0.75_0.5_2_1000_501
Error in 10_0.1_erdos_renyi_0.75_0.5_3_50_501
Error in 10_0.1_erdos_renyi_0.75_0.5_3_100_501
Error in 10_0.1_erdos_renyi_0.75_0.5_3_200_51
Error in 10_0.1_erdos_renyi_0.75_0.5_3_200_501
Error in 10_0.1_erdos_renyi_0.75_0.5_3_500_501
Error in 10_0.1_erdos_renyi_0.75_0.5_3_1000_501
Error in 10_0.1_erdos_renyi_0.75_0.5_4_50_501
Error in 10_0.1_erdos_renyi_0.75_0.5_4_100_501
Error in 10_0.1_erdos_renyi_0.75_0.5_4_200_501
Error in 10_0.1_erdos_renyi_0.75_0.5_4_500_101
Error in 10_0.1_erdos_renyi_0.75_0.5_4_1000_501
Error in 10_0.1_erdos_renyi_0.75_0.5_5_100_501
Error in 10_0.1_erdos_renyi_0.75_0.5_5_200_501
Error in 10_0.1_erdos_renyi_0.75_0.5_5_500_501
Error in 10_0.1_erdos_renyi_0.75_0.5_5_1000_501
Error in 10_0.1_erdos_renyi_0.75_0.5_6_50_501
Error in 10_0.1_erdos_renyi_0.75_0.5_6_100_501
Error in 10_0.1_erdos_renyi_0.75_0.5_6_200_4
Error in 10_0.1_erdos_renyi_0.75_0.5_6_200_101
Error in 10_0.1_erdos_renyi_0.75_0.5_6_200_501
Error in 10_0.1_erdos_renyi_0.75_0.5_6_500_501
Error in 10_0.1_erdos_renyi_0.75_0.5_6_1000_501
Error in 10_0.1_erdos_renyi_0.75_0.5_7_50_51
Error in 10_0.1_erdos_renyi_0.75_0.5_7_50_501
Error in 10_0.1_erdos_renyi_0.75_0.5_7_100_501
Error in 10_0.1_erdos_renyi_0.75_0.5_7_200_501
Error in 10_0.1_erdos_renyi_0.75_0.5_7_500_501
Error in 10_0.1_erdos_renyi_0.75_0.5_7_1000_501
Error in 10_0.1_erdos_renyi_0.75_0.5_8_50_501
Error in 10_0.1_erdos_renyi_0.75_0.5_8_100_51
Error in 10_0.1_erdos_renyi_0.75_0.5_8_100_501
Error in 10_0.1_erdos_renyi_0.75_0.5_8_200_501
Error in 10_0.1_erdos_renyi_0.75_0.5_8_500_501
Error in 10_0.1_erdos_renyi_0.75_0.5_8_1000_501
Error in 10_0.1_erdos_renyi_0.75_0.5_9_50_101
Error in 10_0.1_erdos_renyi_0.75_0.5_9_50_501
Error in 10_0.1_erdos_renyi_0.75_0.5_9_100_501
Error in 10_0.1_erdos_renyi_0.75_0.5_9_200_501
Error in 10_0.1_erdos_renyi_0.75_0.5_9_500_101
Error in 10_0.1_erdos_renyi_0.75_0.5_9_500_501
Error in 10_0.1_erdos_renyi_0.75_0.5_9_1000_11
Error in 10_0.1_erdos_renyi_0.75_0.5_9_1000_51
Error in 10_0.1_erdos_renyi_0.75_0.5_9_1000_501
Error in 10_0.1_erdos_renyi_0.75_0.5_10_50_51
Error in 10_0.1_erdos_renyi_0.75_0.5_10_50_501
Error in 10_0.1_erdos_renyi_0.75_0.5_10_100_501
Error in 10_0.1_erdos_renyi_0.75_0.5_10_200_11
Error in 10_0.1_erdos_renyi_0.75_0.5_10_200_501
Error in 10_0.1_erdos_renyi_0.75_0.5_10_500_501
Error in 10_0.1_erdos_renyi_0.75_0.5_10_1000_501
Error in 10_0.1_erdos_renyi_0.75_0.75_2_50_51
Error in 10_0.1_erdos_renyi_0.75_0.75_3_50_51
Error in 10_0.1_erdos_renyi_0.75_0.75_3_50_101
Error in 10_0.1_erdos_renyi_0.75_0.75_3_50_501
Error in 10_0.1_erdos_renyi_0.75_0.75_3_100_11
Error in 10_0.1_erdos_renyi_0.75_0.75_3_100_101
Error in 10_0.1_erdos_renyi_0.75_0.75_3_100_501
Error in 10_0.1_erdos_renyi_0.75_0.75_3_200_501
Error in 10_0.1_erdos_renyi_0.75_0.75_4_50_51
Error in 10_0.1_erdos_renyi_0.75_0.75_4_50_501
Error in 10_0.1_erdos_renyi_0.75_0.75_4_100_501
Error in 10_0.1_erdos_renyi_0.75_0.75_4_200_501
Error in 10_0.1_erdos_renyi_0.75_0.75_4_500_501
Error in 10_0.1_erdos_renyi_0.75_0.75_5_50_501
Error in 10_0.1_erdos_renyi_0.75_0.75_5_100_501
Error in 10_0.1_erdos_renyi_0.75_0.75_5_200_501
Error in 10_0.1_erdos_renyi_0.75_0.75_5_500_501
Error in 10_0.1_erdos_renyi_0.75_0.75_5_1000_501
Error in 10_0.1_erdos_renyi_0.75_0.75_6_50_101
Error in 10_0.1_erdos_renyi_0.75_0.75_6_50_501
Error in 10_0.1_erdos_renyi_0.75_0.75_6_100_501
Error in 10_0.1_erdos_renyi_0.75_0.75_6_200_501
Error in 10_0.1_erdos_renyi_0.75_0.75_6_500_51
Error in 10_0.1_erdos_renyi_0.75_0.75_6_500_501
Error in 10_0.1_erdos_renyi_0.75_0.75_6_1000_501
Error in 10_0.1_erdos_renyi_0.75_0.75_7_50_501
Error in 10_0.1_erdos_renyi_0.75_0.75_7_100_11
Error in 10_0.1_erdos_renyi_0.75_0.75_7_100_501
Error in 10_0.1_erdos_renyi_0.75_0.75_7_200_501
Error in 10_0.1_erdos_renyi_0.75_0.75_7_500_11
Error in 10_0.1_erdos_renyi_0.75_0.75_7_500_501
Error in 10_0.1_erdos_renyi_0.75_0.75_7_1000_501
Error in 10_0.1_erdos_renyi_0.75_0.75_8_50_51
Error in 10_0.1_erdos_renyi_0.75_0.75_8_50_501
Error in 10_0.1_erdos_renyi_0.75_0.75_8_100_501
Error in 10_0.1_erdos_renyi_0.75_0.75_8_200_501
Error in 10_0.1_erdos_renyi_0.75_0.75_8_500_501
Error in 10_0.1_erdos_renyi_0.75_0.75_8_1000_501
Error in 10_0.1_erdos_renyi_0.75_0.75_9_50_51
Error in 10_0.1_erdos_renyi_0.75_0.75_9_50_501
Error in 10_0.1_erdos_renyi_0.75_0.75_9_100_101
Error in 10_0.1_erdos_renyi_0.75_0.75_9_100_501
Error in 10_0.1_erdos_renyi_0.75_0.75_9_200_501
Error in 10_0.1_erdos_renyi_0.75_0.75_9_500_501
Error in 10_0.1_erdos_renyi_0.75_0.75_9_1000_501
Error in 10_0.1_erdos_renyi_0.75_0.75_10_50_51
Error in 10_0.1_erdos_renyi_0.75_0.75_10_50_501
Error in 10_0.1_erdos_renyi_0.75_0.75_10_100_501
Error in 10_0.1_erdos_renyi_0.75_0.75_10_200_101
Error in 10_0.1_erdos_renyi_0.75_0.75_10_200_501
Error in 10_0.1_erdos_renyi_0.75_0.75_10_500_11
Error in 10_0.1_erdos_renyi_0.75_0.75_10_500_501
Error in 10_0.1_erdos_renyi_0.75_0.75_10_1000_501
Error in 10_0.1_erdos_renyi_0.75_0.9_2_50_501
Error in 10_0.1_erdos_renyi_0.75_0.9_2_1000_4
Error in 10_0.1_erdos_renyi_0.75_0.9_3_50_501
Error in 10_0.1_erdos_renyi_0.75_0.9_3_100_101
Error in 10_0.1_erdos_renyi_0.75_0.9_3_500_501
Error in 10_0.1_erdos_renyi_0.75_0.9_4_50_11
Error in 10_0.1_erdos_renyi_0.75_0.9_4_50_501
Error in 10_0.1_erdos_renyi_0.75_0.9_4_100_11
Error in 10_0.1_erdos_renyi_0.75_0.9_4_100_501
Error in 10_0.1_erdos_renyi_0.75_0.9_4_200_501
Error in 10_0.1_erdos_renyi_0.75_0.9_4_500_101
Error in 10_0.1_erdos_renyi_0.75_0.9_4_500_501
Error in 10_0.1_erdos_renyi_0.75_0.9_5_50_501
Error in 10_0.1_erdos_renyi_0.75_0.9_5_100_11
Error in 10_0.1_erdos_renyi_0.75_0.9_5_100_101
Error in 10_0.1_erdos_renyi_0.75_0.9_5_100_501
Error in 10_0.1_erdos_renyi_0.75_0.9_5_200_501
Error in 10_0.1_erdos_renyi_0.75_0.9_5_500_501
Error in 10_0.1_erdos_renyi_0.75_0.9_5_1000_101
Error in 10_0.1_erdos_renyi_0.75_0.9_5_1000_501
Error in 10_0.1_erdos_renyi_0.75_0.9_6_50_51
Error in 10_0.1_erdos_renyi_0.75_0.9_6_50_501
Error in 10_0.1_erdos_renyi_0.75_0.9_6_100_501
Error in 10_0.1_erdos_renyi_0.75_0.9_6_200_501
Error in 10_0.1_erdos_renyi_0.75_0.9_6_500_501
Error in 10_0.1_erdos_renyi_0.75_0.9_6_1000_501
Error in 10_0.1_erdos_renyi_0.75_0.9_7_50_501
Error in 10_0.1_erdos_renyi_0.75_0.9_7_100_501
Error in 10_0.1_erdos_renyi_0.75_0.9_7_200_501
Error in 10_0.1_erdos_renyi_0.75_0.9_7_500_501
Error in 10_0.1_erdos_renyi_0.75_0.9_7_1000_501
Error in 10_0.1_erdos_renyi_0.75_0.9_8_50_501
Error in 10_0.1_erdos_renyi_0.75_0.9_8_100_501
Error in 10_0.1_erdos_renyi_0.75_0.9_8_200_4
Error in 10_0.1_erdos_renyi_0.75_0.9_8_200_501
Error in 10_0.1_erdos_renyi_0.75_0.9_8_500_501
Error in 10_0.1_erdos_renyi_0.75_0.9_8_1000_501
Error in 10_0.1_erdos_renyi_0.75_0.9_9_50_4
Error in 10_0.1_erdos_renyi_0.75_0.9_9_50_501
Error in 10_0.1_erdos_renyi_0.75_0.9_9_100_501
Error in 10_0.1_erdos_renyi_0.75_0.9_9_200_4
Error in 10_0.1_erdos_renyi_0.75_0.9_9_200_501
Error in 10_0.1_erdos_renyi_0.75_0.9_9_500_501
Error in 10_0.1_erdos_renyi_0.75_0.9_9_1000_4
Error in 10_0.1_erdos_renyi_0.75_0.9_9_1000_501
Error in 10_0.1_erdos_renyi_0.75_0.9_10_50_501
Error in 10_0.1_erdos_renyi_0.75_0.9_10_100_501
Error in 10_0.1_erdos_renyi_0.75_0.9_10_200_101
Error in 10_0.1_erdos_renyi_0.75_0.9_10_200_501
Error in 10_0.1_erdos_renyi_0.75_0.9_10_500_501
Error in 10_0.1_erdos_renyi_0.75_0.9_10_1000_501
Error in 10_0.1_erdos_renyi_0.75_0.99_2_100_501
Error in 10_0.1_erdos_renyi_0.75_0.99_2_500_501
Error in 10_0.1_erdos_renyi_0.75_0.99_2_1000_11
Error in 10_0.1_erdos_renyi_0.75_0.99_3_50_501
Error in 10_0.1_erdos_renyi_0.75_0.99_3_100_11
Error in 10_0.1_erdos_renyi_0.75_0.99_3_100_501
Error in 10_0.1_erdos_renyi_0.75_0.99_3_200_501
Error in 10_0.1_erdos_renyi_0.75_0.99_3_1000_501
Error in 10_0.1_erdos_renyi_0.75_0.99_4_50_4
Error in 10_0.1_erdos_renyi_0.75_0.99_4_50_101
Error in 10_0.1_erdos_renyi_0.75_0.99_4_50_501
Error in 10_0.1_erdos_renyi_0.75_0.99_4_100_501
Error in 10_0.1_erdos_renyi_0.75_0.99_4_200_501
Error in 10_0.1_erdos_renyi_0.75_0.99_4_500_501
Error in 10_0.1_erdos_renyi_0.75_0.99_4_1000_501
Error in 10_0.1_erdos_renyi_0.75_0.99_5_50_501
Error in 10_0.1_erdos_renyi_0.75_0.99_5_100_501
Error in 10_0.1_erdos_renyi_0.75_0.99_5_200_501
Error in 10_0.1_erdos_renyi_0.75_0.99_5_500_501
Error in 10_0.1_erdos_renyi_0.75_0.99_5_1000_501
Error in 10_0.1_erdos_renyi_0.75_0.99_6_50_501
Error in 10_0.1_erdos_renyi_0.75_0.99_6_100_501
Error in 10_0.1_erdos_renyi_0.75_0.99_6_200_51
Error in 10_0.1_erdos_renyi_0.75_0.99_6_200_501
Error in 10_0.1_erdos_renyi_0.75_0.99_6_500_501
Error in 10_0.1_erdos_renyi_0.75_0.99_6_1000_501
Error in 10_0.1_erdos_renyi_0.75_0.99_7_50_501
Error in 10_0.1_erdos_renyi_0.75_0.99_7_100_4
Error in 10_0.1_erdos_renyi_0.75_0.99_7_100_51
Error in 10_0.1_erdos_renyi_0.75_0.99_7_100_501
Error in 10_0.1_erdos_renyi_0.75_0.99_7_200_101
Error in 10_0.1_erdos_renyi_0.75_0.99_7_200_501
Error in 10_0.1_erdos_renyi_0.75_0.99_7_500_501
Error in 10_0.1_erdos_renyi_0.75_0.99_7_1000_501
Error in 10_0.1_erdos_renyi_0.75_0.99_8_50_11
Error in 10_0.1_erdos_renyi_0.75_0.99_8_50_501
Error in 10_0.1_erdos_renyi_0.75_0.99_8_100_501
Error in 10_0.1_erdos_renyi_0.75_0.99_8_200_501
Error in 10_0.1_erdos_renyi_0.75_0.99_8_500_501
Error in 10_0.1_erdos_renyi_0.75_0.99_8_1000_501
Error in 10_0.1_erdos_renyi_0.75_0.99_9_50_501
Error in 10_0.1_erdos_renyi_0.75_0.99_9_100_4
Error in 10_0.1_erdos_renyi_0.75_0.99_9_100_501
Error in 10_0.1_erdos_renyi_0.75_0.99_9_200_501
Error in 10_0.1_erdos_renyi_0.75_0.99_9_500_501
Error in 10_0.1_erdos_renyi_0.75_0.99_9_1000_501
Error in 10_0.1_erdos_renyi_0.75_0.99_10_50_4
Error in 10_0.1_erdos_renyi_0.75_0.99_10_50_501
Error in 10_0.1_erdos_renyi_0.75_0.99_10_100_501
Error in 10_0.1_erdos_renyi_0.75_0.99_10_200_101
Error in 10_0.1_erdos_renyi_0.75_0.99_10_200_501
Error in 10_0.1_erdos_renyi_0.75_0.99_10_500_501
Error in 10_0.1_erdos_renyi_0.75_0.99_10_1000_501
Error in 10_0.1_erdos_renyi_1.0_0.1_2_1000_11
Error in 10_0.1_erdos_renyi_1.0_0.1_3_100_501
Error in 10_0.1_erdos_renyi_1.0_0.1_4_50_11
Error in 10_0.1_erdos_renyi_1.0_0.1_4_50_501
Error in 10_0.1_erdos_renyi_1.0_0.1_4_200_4
Error in 10_0.1_erdos_renyi_1.0_0.1_4_200_101
Error in 10_0.1_erdos_renyi_1.0_0.1_4_1000_501
Error in 10_0.1_erdos_renyi_1.0_0.1_5_100_501
Error in 10_0.1_erdos_renyi_1.0_0.1_5_500_4
Error in 10_0.1_erdos_renyi_1.0_0.1_5_500_501
Error in 10_0.1_erdos_renyi_1.0_0.1_6_50_4
Error in 10_0.1_erdos_renyi_1.0_0.1_6_50_501
Error in 10_0.1_erdos_renyi_1.0_0.1_6_100_501
Error in 10_0.1_erdos_renyi_1.0_0.1_6_200_4
Error in 10_0.1_erdos_renyi_1.0_0.1_7_100_51
Error in 10_0.1_erdos_renyi_1.0_0.1_7_100_501
Error in 10_0.1_erdos_renyi_1.0_0.1_7_200_501
Error in 10_0.1_erdos_renyi_1.0_0.1_7_500_501
Error in 10_0.1_erdos_renyi_1.0_0.1_7_1000_501
Error in 10_0.1_erdos_renyi_1.0_0.1_8_50_501
Error in 10_0.1_erdos_renyi_1.0_0.1_8_100_51
Error in 10_0.1_erdos_renyi_1.0_0.1_8_100_501
Error in 10_0.1_erdos_renyi_1.0_0.1_8_500_501
Error in 10_0.1_erdos_renyi_1.0_0.1_8_1000_4
Error in 10_0.1_erdos_renyi_1.0_0.1_8_1000_501
Error in 10_0.1_erdos_renyi_1.0_0.1_9_50_501
Error in 10_0.1_erdos_renyi_1.0_0.1_9_100_501
Error in 10_0.1_erdos_renyi_1.0_0.1_9_200_101
Error in 10_0.1_erdos_renyi_1.0_0.1_9_200_501
Error in 10_0.1_erdos_renyi_1.0_0.1_9_500_4
Error in 10_0.1_erdos_renyi_1.0_0.1_9_500_501
Error in 10_0.1_erdos_renyi_1.0_0.1_9_1000_501
Error in 10_0.1_erdos_renyi_1.0_0.1_10_50_4
Error in 10_0.1_erdos_renyi_1.0_0.1_10_50_501
Error in 10_0.1_erdos_renyi_1.0_0.1_10_100_501
Error in 10_0.1_erdos_renyi_1.0_0.1_10_200_11
Error in 10_0.1_erdos_renyi_1.0_0.1_10_200_501
Error in 10_0.1_erdos_renyi_1.0_0.1_10_500_51
Error in 10_0.1_erdos_renyi_1.0_0.1_10_500_501
Error in 10_0.1_erdos_renyi_1.0_0.1_10_1000_4
Error in 10_0.1_erdos_renyi_1.0_0.1_10_1000_51
Error in 10_0.1_erdos_renyi_1.0_0.1_10_1000_101
Error in 10_0.1_erdos_renyi_1.0_0.1_10_1000_501
Error in 10_0.1_erdos_renyi_1.0_0.25_2_500_4
Error in 10_0.1_erdos_renyi_1.0_0.25_3_50_501
Error in 10_0.1_erdos_renyi_1.0_0.25_3_100_501
Error in 10_0.1_erdos_renyi_1.0_0.25_3_1000_501
Error in 10_0.1_erdos_renyi_1.0_0.25_4_50_501
Error in 10_0.1_erdos_renyi_1.0_0.25_4_200_501
Error in 10_0.1_erdos_renyi_1.0_0.25_4_1000_51
Error in 10_0.1_erdos_renyi_1.0_0.25_5_100_51
Error in 10_0.1_erdos_renyi_1.0_0.25_5_1000_501
Error in 10_0.1_erdos_renyi_1.0_0.25_6_100_501
Error in 10_0.1_erdos_renyi_1.0_0.25_6_200_501
Error in 10_0.1_erdos_renyi_1.0_0.25_6_500_501
Error in 10_0.1_erdos_renyi_1.0_0.25_6_1000_51
Error in 10_0.1_erdos_renyi_1.0_0.25_6_1000_501
Error in 10_0.1_erdos_renyi_1.0_0.25_7_50_501
Error in 10_0.1_erdos_renyi_1.0_0.25_7_100_11
Error in 10_0.1_erdos_renyi_1.0_0.25_7_100_51
Error in 10_0.1_erdos_renyi_1.0_0.25_7_100_501
Error in 10_0.1_erdos_renyi_1.0_0.25_7_200_501
Error in 10_0.1_erdos_renyi_1.0_0.25_7_500_501
Error in 10_0.1_erdos_renyi_1.0_0.25_7_1000_4
Error in 10_0.1_erdos_renyi_1.0_0.25_7_1000_501
Error in 10_0.1_erdos_renyi_1.0_0.25_8_100_501
Error in 10_0.1_erdos_renyi_1.0_0.25_8_200_501
Error in 10_0.1_erdos_renyi_1.0_0.25_8_500_501
Error in 10_0.1_erdos_renyi_1.0_0.25_8_1000_501
Error in 10_0.1_erdos_renyi_1.0_0.25_9_50_501
Error in 10_0.1_erdos_renyi_1.0_0.25_9_100_501
Error in 10_0.1_erdos_renyi_1.0_0.25_9_200_501
Error in 10_0.1_erdos_renyi_1.0_0.25_9_1000_4
Error in 10_0.1_erdos_renyi_1.0_0.25_9_1000_501
Error in 10_0.1_erdos_renyi_1.0_0.25_10_50_11
Error in 10_0.1_erdos_renyi_1.0_0.25_10_50_501
Error in 10_0.1_erdos_renyi_1.0_0.25_10_100_501
Error in 10_0.1_erdos_renyi_1.0_0.25_10_200_501
Error in 10_0.1_erdos_renyi_1.0_0.25_10_500_501
Error in 10_0.1_erdos_renyi_1.0_0.25_10_1000_501
Error in 10_0.1_erdos_renyi_1.0_0.5_2_50_4
Error in 10_0.1_erdos_renyi_1.0_0.5_2_200_501
Error in 10_0.1_erdos_renyi_1.0_0.5_2_500_11
Error in 10_0.1_erdos_renyi_1.0_0.5_2_500_51
Error in 10_0.1_erdos_renyi_1.0_0.5_2_500_101
Error in 10_0.1_erdos_renyi_1.0_0.5_3_1000_501
Error in 10_0.1_erdos_renyi_1.0_0.5_4_100_501
Error in 10_0.1_erdos_renyi_1.0_0.5_4_200_11
Error in 10_0.1_erdos_renyi_1.0_0.5_4_200_501
Error in 10_0.1_erdos_renyi_1.0_0.5_4_1000_501
Error in 10_0.1_erdos_renyi_1.0_0.5_5_50_51
Error in 10_0.1_erdos_renyi_1.0_0.5_5_50_501
Error in 10_0.1_erdos_renyi_1.0_0.5_5_100_101
Error in 10_0.1_erdos_renyi_1.0_0.5_5_500_501
Error in 10_0.1_erdos_renyi_1.0_0.5_5_1000_501
Error in 10_0.1_erdos_renyi_1.0_0.5_6_100_501
Error in 10_0.1_erdos_renyi_1.0_0.5_6_200_501
Error in 10_0.1_erdos_renyi_1.0_0.5_6_500_501
Error in 10_0.1_erdos_renyi_1.0_0.5_6_1000_501
Error in 10_0.1_erdos_renyi_1.0_0.5_7_50_501
Error in 10_0.1_erdos_renyi_1.0_0.5_7_100_501
Error in 10_0.1_erdos_renyi_1.0_0.5_7_500_501
Error in 10_0.1_erdos_renyi_1.0_0.5_7_1000_501
Error in 10_0.1_erdos_renyi_1.0_0.5_8_50_501
Error in 10_0.1_erdos_renyi_1.0_0.5_8_100_501
Error in 10_0.1_erdos_renyi_1.0_0.5_8_200_501
Error in 10_0.1_erdos_renyi_1.0_0.5_8_500_101
Error in 10_0.1_erdos_renyi_1.0_0.5_8_500_501
Error in 10_0.1_erdos_renyi_1.0_0.5_8_1000_501
Error in 10_0.1_erdos_renyi_1.0_0.5_9_50_501
Error in 10_0.1_erdos_renyi_1.0_0.5_9_100_501
Error in 10_0.1_erdos_renyi_1.0_0.5_9_200_501
Error in 10_0.1_erdos_renyi_1.0_0.5_9_500_51
Error in 10_0.1_erdos_renyi_1.0_0.5_9_500_501
Error in 10_0.1_erdos_renyi_1.0_0.5_9_1000_501
Error in 10_0.1_erdos_renyi_1.0_0.5_10_50_11
Error in 10_0.1_erdos_renyi_1.0_0.5_10_50_501
Error in 10_0.1_erdos_renyi_1.0_0.5_10_100_501
Error in 10_0.1_erdos_renyi_1.0_0.5_10_200_501
Error in 10_0.1_erdos_renyi_1.0_0.5_10_500_501
Error in 10_0.1_erdos_renyi_1.0_0.5_10_1000_501
Error in 10_0.1_erdos_renyi_1.0_0.75_2_500_51
Error in 10_0.1_erdos_renyi_1.0_0.75_3_50_501
Error in 10_0.1_erdos_renyi_1.0_0.75_3_100_501
Error in 10_0.1_erdos_renyi_1.0_0.75_3_1000_501
Error in 10_0.1_erdos_renyi_1.0_0.75_4_50_501
Error in 10_0.1_erdos_renyi_1.0_0.75_4_100_4
Error in 10_0.1_erdos_renyi_1.0_0.75_4_100_501
Error in 10_0.1_erdos_renyi_1.0_0.75_4_200_501
Error in 10_0.1_erdos_renyi_1.0_0.75_4_500_4
Error in 10_0.1_erdos_renyi_1.0_0.75_5_50_4
Error in 10_0.1_erdos_renyi_1.0_0.75_5_100_501
Error in 10_0.1_erdos_renyi_1.0_0.75_5_200_4
Error in 10_0.1_erdos_renyi_1.0_0.75_5_200_11
Error in 10_0.1_erdos_renyi_1.0_0.75_5_200_501
Error in 10_0.1_erdos_renyi_1.0_0.75_5_500_501
Error in 10_0.1_erdos_renyi_1.0_0.75_5_1000_501
Error in 10_0.1_erdos_renyi_1.0_0.75_6_50_51
Error in 10_0.1_erdos_renyi_1.0_0.75_6_50_501
Error in 10_0.1_erdos_renyi_1.0_0.75_6_100_501
Error in 10_0.1_erdos_renyi_1.0_0.75_6_500_501
Error in 10_0.1_erdos_renyi_1.0_0.75_6_1000_4
Error in 10_0.1_erdos_renyi_1.0_0.75_6_1000_501
Error in 10_0.1_erdos_renyi_1.0_0.75_7_100_501
Error in 10_0.1_erdos_renyi_1.0_0.75_7_200_501
Error in 10_0.1_erdos_renyi_1.0_0.75_7_500_501
Error in 10_0.1_erdos_renyi_1.0_0.75_7_1000_501
Error in 10_0.1_erdos_renyi_1.0_0.75_8_50_11
Error in 10_0.1_erdos_renyi_1.0_0.75_8_50_501
Error in 10_0.1_erdos_renyi_1.0_0.75_8_100_501
Error in 10_0.1_erdos_renyi_1.0_0.75_8_200_501
Error in 10_0.1_erdos_renyi_1.0_0.75_8_500_101
Error in 10_0.1_erdos_renyi_1.0_0.75_8_500_501
Error in 10_0.1_erdos_renyi_1.0_0.75_8_1000_51
Error in 10_0.1_erdos_renyi_1.0_0.75_8_1000_501
Error in 10_0.1_erdos_renyi_1.0_0.75_9_50_501
Error in 10_0.1_erdos_renyi_1.0_0.75_9_100_501
Error in 10_0.1_erdos_renyi_1.0_0.75_9_200_501
Error in 10_0.1_erdos_renyi_1.0_0.75_9_500_501
Error in 10_0.1_erdos_renyi_1.0_0.75_9_1000_4
Error in 10_0.1_erdos_renyi_1.0_0.75_9_1000_501
Error in 10_0.1_erdos_renyi_1.0_0.75_10_50_4
Error in 10_0.1_erdos_renyi_1.0_0.75_10_50_501
Error in 10_0.1_erdos_renyi_1.0_0.75_10_100_501
Error in 10_0.1_erdos_renyi_1.0_0.75_10_200_501
Error in 10_0.1_erdos_renyi_1.0_0.75_10_500_501
Error in 10_0.1_erdos_renyi_1.0_0.75_10_1000_501
Error in 10_0.1_erdos_renyi_1.0_0.9_2_500_501
Error in 10_0.1_erdos_renyi_1.0_0.9_3_50_501
Error in 10_0.1_erdos_renyi_1.0_0.9_3_100_501
Error in 10_0.1_erdos_renyi_1.0_0.9_3_200_501
Error in 10_0.1_erdos_renyi_1.0_0.9_3_500_4
Error in 10_0.1_erdos_renyi_1.0_0.9_4_50_501
Error in 10_0.1_erdos_renyi_1.0_0.9_4_100_501
Error in 10_0.1_erdos_renyi_1.0_0.9_4_200_501
Error in 10_0.1_erdos_renyi_1.0_0.9_4_500_501
Error in 10_0.1_erdos_renyi_1.0_0.9_4_1000_501
Error in 10_0.1_erdos_renyi_1.0_0.9_5_50_501
Error in 10_0.1_erdos_renyi_1.0_0.9_5_200_501
Error in 10_0.1_erdos_renyi_1.0_0.9_5_500_501
Error in 10_0.1_erdos_renyi_1.0_0.9_5_1000_11
Error in 10_0.1_erdos_renyi_1.0_0.9_5_1000_501
Error in 10_0.1_erdos_renyi_1.0_0.9_6_50_11
Error in 10_0.1_erdos_renyi_1.0_0.9_6_50_501
Error in 10_0.1_erdos_renyi_1.0_0.9_6_500_4
Error in 10_0.1_erdos_renyi_1.0_0.9_6_500_501
Error in 10_0.1_erdos_renyi_1.0_0.9_6_1000_501
Error in 10_0.1_erdos_renyi_1.0_0.9_7_50_501
Error in 10_0.1_erdos_renyi_1.0_0.9_7_100_11
Error in 10_0.1_erdos_renyi_1.0_0.9_7_100_501
Error in 10_0.1_erdos_renyi_1.0_0.9_7_200_501
Error in 10_0.1_erdos_renyi_1.0_0.9_7_500_501
Error in 10_0.1_erdos_renyi_1.0_0.9_8_50_11
Error in 10_0.1_erdos_renyi_1.0_0.9_8_50_51
Error in 10_0.1_erdos_renyi_1.0_0.9_8_100_101
Error in 10_0.1_erdos_renyi_1.0_0.9_8_100_501
Error in 10_0.1_erdos_renyi_1.0_0.9_8_200_501
Error in 10_0.1_erdos_renyi_1.0_0.9_8_500_501
Error in 10_0.1_erdos_renyi_1.0_0.9_8_1000_501
Error in 10_0.1_erdos_renyi_1.0_0.9_9_50_501
Error in 10_0.1_erdos_renyi_1.0_0.9_9_100_501
Error in 10_0.1_erdos_renyi_1.0_0.9_9_200_501
Error in 10_0.1_erdos_renyi_1.0_0.9_9_500_501
Error in 10_0.1_erdos_renyi_1.0_0.9_9_1000_501
Error in 10_0.1_erdos_renyi_1.0_0.9_10_50_501
Error in 10_0.1_erdos_renyi_1.0_0.9_10_100_101
Error in 10_0.1_erdos_renyi_1.0_0.9_10_100_501
Error in 10_0.1_erdos_renyi_1.0_0.9_10_200_501
Error in 10_0.1_erdos_renyi_1.0_0.9_10_500_501
Error in 10_0.1_erdos_renyi_1.0_0.9_10_1000_501
Error in 10_0.1_erdos_renyi_1.0_0.99_2_200_101
Error in 10_0.1_erdos_renyi_1.0_0.99_2_1000_501
Error in 10_0.1_erdos_renyi_1.0_0.99_3_200_501
Error in 10_0.1_erdos_renyi_1.0_0.99_3_1000_501
Error in 10_0.1_erdos_renyi_1.0_0.99_4_50_11
Error in 10_0.1_erdos_renyi_1.0_0.99_4_50_501
Error in 10_0.1_erdos_renyi_1.0_0.99_4_100_51
Error in 10_0.1_erdos_renyi_1.0_0.99_4_200_501
Error in 10_0.1_erdos_renyi_1.0_0.99_5_50_51
Error in 10_0.1_erdos_renyi_1.0_0.99_5_50_501
Error in 10_0.1_erdos_renyi_1.0_0.99_5_100_51
Error in 10_0.1_erdos_renyi_1.0_0.99_5_100_501
Error in 10_0.1_erdos_renyi_1.0_0.99_5_200_501
Error in 10_0.1_erdos_renyi_1.0_0.99_5_1000_501
Error in 10_0.1_erdos_renyi_1.0_0.99_6_50_51
Error in 10_0.1_erdos_renyi_1.0_0.99_6_50_501
Error in 10_0.1_erdos_renyi_1.0_0.99_6_200_501
Error in 10_0.1_erdos_renyi_1.0_0.99_6_500_11
Error in 10_0.1_erdos_renyi_1.0_0.99_6_500_501
Error in 10_0.1_erdos_renyi_1.0_0.99_6_1000_501
Error in 10_0.1_erdos_renyi_1.0_0.99_7_50_501
Error in 10_0.1_erdos_renyi_1.0_0.99_7_100_4
Error in 10_0.1_erdos_renyi_1.0_0.99_7_100_501
Error in 10_0.1_erdos_renyi_1.0_0.99_7_200_501
Error in 10_0.1_erdos_renyi_1.0_0.99_7_500_501
Error in 10_0.1_erdos_renyi_1.0_0.99_8_100_501
Error in 10_0.1_erdos_renyi_1.0_0.99_8_200_501
Error in 10_0.1_erdos_renyi_1.0_0.99_8_500_501
Error in 10_0.1_erdos_renyi_1.0_0.99_9_50_4
Error in 10_0.1_erdos_renyi_1.0_0.99_9_50_501
Error in 10_0.1_erdos_renyi_1.0_0.99_9_100_501
Error in 10_0.1_erdos_renyi_1.0_0.99_9_200_4
Error in 10_0.1_erdos_renyi_1.0_0.99_9_200_501
Error in 10_0.1_erdos_renyi_1.0_0.99_9_500_501
Error in 10_0.1_erdos_renyi_1.0_0.99_9_1000_501
Error in 10_0.1_erdos_renyi_1.0_0.99_10_50_501
Error in 10_0.1_erdos_renyi_1.0_0.99_10_100_501
Error in 10_0.1_erdos_renyi_1.0_0.99_10_200_4
Error in 10_0.1_erdos_renyi_1.0_0.99_10_200_51
Error in 10_0.1_erdos_renyi_1.0_0.99_10_200_501
Error in 10_0.1_erdos_renyi_1.0_0.99_10_500_501
Error in 10_0.1_erdos_renyi_2.0_0.1_3_50_4
Error in 10_0.1_erdos_renyi_2.0_0.1_4_500_501
Error in 10_0.1_erdos_renyi_2.0_0.1_5_100_51
Error in 10_0.1_erdos_renyi_2.0_0.1_5_200_501
Error in 10_0.1_erdos_renyi_2.0_0.1_5_500_501
Error in 10_0.1_erdos_renyi_2.0_0.1_7_50_51
Error in 10_0.1_erdos_renyi_2.0_0.1_7_100_51
Error in 10_0.1_erdos_renyi_2.0_0.1_8_50_101
Error in 10_0.1_erdos_renyi_2.0_0.1_8_500_51
Error in 10_0.1_erdos_renyi_2.0_0.1_10_50_11
Error in 10_0.1_erdos_renyi_2.0_0.1_10_50_51
Error in 10_0.1_erdos_renyi_2.0_0.1_10_500_501
Error in 10_0.1_erdos_renyi_2.0_0.25_2_200_101
Error in 10_0.1_erdos_renyi_2.0_0.25_2_1000_51
Error in 10_0.1_erdos_renyi_2.0_0.25_3_50_11
Error in 10_0.1_erdos_renyi_2.0_0.25_3_50_501
Error in 10_0.1_erdos_renyi_2.0_0.25_3_500_4
Error in 10_0.1_erdos_renyi_2.0_0.25_3_1000_4
Error in 10_0.1_erdos_renyi_2.0_0.25_4_500_501
Error in 10_0.1_erdos_renyi_2.0_0.25_5_200_51
Error in 10_0.1_erdos_renyi_2.0_0.25_5_1000_11
Error in 10_0.1_erdos_renyi_2.0_0.25_6_50_4
Error in 10_0.1_erdos_renyi_2.0_0.25_6_50_101
Error in 10_0.1_erdos_renyi_2.0_0.25_6_100_101
Error in 10_0.1_erdos_renyi_2.0_0.25_7_1000_4
Error in 10_0.1_erdos_renyi_2.0_0.25_7_1000_101
Error in 10_0.1_erdos_renyi_2.0_0.25_8_50_101
Error in 10_0.1_erdos_renyi_2.0_0.25_8_100_11
Error in 10_0.1_erdos_renyi_2.0_0.25_8_200_501
Error in 10_0.1_erdos_renyi_2.0_0.25_8_500_11
Error in 10_0.1_erdos_renyi_2.0_0.25_8_500_101
Error in 10_0.1_erdos_renyi_2.0_0.25_8_1000_11
Error in 10_0.1_erdos_renyi_2.0_0.25_8_1000_51
Error in 10_0.1_erdos_renyi_2.0_0.25_9_50_101
Error in 10_0.1_erdos_renyi_2.0_0.25_9_100_101
Error in 10_0.1_erdos_renyi_2.0_0.5_2_100_101
Error in 10_0.1_erdos_renyi_2.0_0.5_2_1000_51
Error in 10_0.1_erdos_renyi_2.0_0.5_3_50_11
Error in 10_0.1_erdos_renyi_2.0_0.5_3_50_51
Error in 10_0.1_erdos_renyi_2.0_0.5_3_100_4
Error in 10_0.1_erdos_renyi_2.0_0.5_3_200_4
Error in 10_0.1_erdos_renyi_2.0_0.5_3_1000_501
Error in 10_0.1_erdos_renyi_2.0_0.5_4_50_101
Error in 10_0.1_erdos_renyi_2.0_0.5_4_200_101
Error in 10_0.1_erdos_renyi_2.0_0.5_4_500_4
Error in 10_0.1_erdos_renyi_2.0_0.5_4_1000_11
Error in 10_0.1_erdos_renyi_2.0_0.5_4_1000_51
Error in 10_0.1_erdos_renyi_2.0_0.5_5_500_4
Error in 10_0.1_erdos_renyi_2.0_0.5_5_500_51
Error in 10_0.1_erdos_renyi_2.0_0.5_5_500_501
Error in 10_0.1_erdos_renyi_2.0_0.5_6_100_101
Error in 10_0.1_erdos_renyi_2.0_0.5_6_200_51
Error in 10_0.1_erdos_renyi_2.0_0.5_7_100_11
Error in 10_0.1_erdos_renyi_2.0_0.5_7_200_501
Error in 10_0.1_erdos_renyi_2.0_0.5_7_1000_501
Error in 10_0.1_erdos_renyi_2.0_0.5_8_100_101
Error in 10_0.1_erdos_renyi_2.0_0.5_8_200_11
Error in 10_0.1_erdos_renyi_2.0_0.5_9_1000_51
Error in 10_0.1_erdos_renyi_2.0_0.5_10_500_11
Error in 10_0.1_erdos_renyi_2.0_0.5_10_500_51
Error in 10_0.1_erdos_renyi_2.0_0.5_10_1000_4
Error in 10_0.1_erdos_renyi_2.0_0.5_10_1000_11
Error in 10_0.1_erdos_renyi_2.0_0.75_2_500_11
Error in 10_0.1_erdos_renyi_2.0_0.75_2_1000_51
Error in 10_0.1_erdos_renyi_2.0_0.75_3_200_501
Error in 10_0.1_erdos_renyi_2.0_0.75_5_200_101
Error in 10_0.1_erdos_renyi_2.0_0.75_6_500_101
Error in 10_0.1_erdos_renyi_2.0_0.75_6_500_501
Error in 10_0.1_erdos_renyi_2.0_0.75_6_1000_4
Error in 10_0.1_erdos_renyi_2.0_0.75_7_50_51
Error in 10_0.1_erdos_renyi_2.0_0.75_7_50_501
Error in 10_0.1_erdos_renyi_2.0_0.75_7_1000_11
Error in 10_0.1_erdos_renyi_2.0_0.75_8_100_11
Error in 10_0.1_erdos_renyi_2.0_0.75_8_100_51
Error in 10_0.1_erdos_renyi_2.0_0.75_8_100_501
Error in 10_0.1_erdos_renyi_2.0_0.75_9_50_4
Error in 10_0.1_erdos_renyi_2.0_0.75_9_1000_4
Error in 10_0.1_erdos_renyi_2.0_0.75_9_1000_101
Error in 10_0.1_erdos_renyi_2.0_0.9_3_500_4
Error in 10_0.1_erdos_renyi_2.0_0.9_4_200_101
Error in 10_0.1_erdos_renyi_2.0_0.9_4_500_4
Error in 10_0.1_erdos_renyi_2.0_0.9_4_1000_501
Error in 10_0.1_erdos_renyi_2.0_0.9_5_200_501
Error in 10_0.1_erdos_renyi_2.0_0.9_5_500_501
Error in 10_0.1_erdos_renyi_2.0_0.9_6_1000_51
Error in 10_0.1_erdos_renyi_2.0_0.9_7_200_4
Error in 10_0.1_erdos_renyi_2.0_0.9_10_200_4
Error in 10_0.1_erdos_renyi_2.0_0.9_10_500_51
Error in 10_0.1_erdos_renyi_2.0_0.9_10_1000_11
Error in 10_0.1_erdos_renyi_2.0_0.99_2_50_51
Error in 10_0.1_erdos_renyi_2.0_0.99_2_1000_4
Error in 10_0.1_erdos_renyi_2.0_0.99_3_100_501
Error in 10_0.1_erdos_renyi_2.0_0.99_3_1000_51
Error in 10_0.1_erdos_renyi_2.0_0.99_4_50_51
Error in 10_0.1_erdos_renyi_2.0_0.99_4_100_501
Error in 10_0.1_erdos_renyi_2.0_0.99_5_500_4
Error in 10_0.1_erdos_renyi_2.0_0.99_7_100_4
Error in 10_0.1_erdos_renyi_2.0_0.99_7_100_51
Error in 10_0.1_erdos_renyi_2.0_0.99_7_200_11
Error in 10_0.1_erdos_renyi_2.0_0.99_7_200_501
Error in 10_0.1_erdos_renyi_2.0_0.99_8_50_101
Error in 10_0.1_erdos_renyi_2.0_0.99_8_100_11
Error in 10_0.1_erdos_renyi_2.0_0.99_8_100_51
Error in 10_0.1_erdos_renyi_2.0_0.99_8_500_51
Error in 10_0.1_erdos_renyi_2.0_0.99_8_500_501
Error in 10_0.1_erdos_renyi_2.0_0.99_8_1000_4
Error in 10_0.1_erdos_renyi_2.0_0.99_9_200_101
Error in 10_0.1_erdos_renyi_2.0_0.99_9_200_501
Error in 10_0.1_erdos_renyi_2.0_0.99_9_500_501
Error in 10_0.1_erdos_renyi_2.0_0.99_10_50_11
Error in 10_0.1_erdos_renyi_2.0_0.99_10_200_501
Error in 10_0.1_erdos_renyi_2.0_0.99_10_500_4
